// Jest Snapshot v1, https://goo.gl/fbAQLP

exports[`pages LoadingPage should render 1`] = `
<div
  className="d-flex justify-content-center w-100"
>
  <div
    className="spinner"
  >
    <div />
    <div />
    <div />
    <div />
  </div>
</div>
`;
