// Jest Snapshot v1, https://goo.gl/fbAQLP

exports[`redux Store should be created 1`] = `"testing"`;
