// Jest Snapshot v1, https://goo.gl/fbAQLP

exports[`redux actions fetch should return an action 1`] = `
Object {
  "type": "FETCH_CONSUMPTIONS",
}
`;
